[38;2;43;42;48;48;2;21;20;27m 1 [m[38;2;43;42;48;48;2;21;20;27m [m[48;2;21;20;27m                                                        [m[38;2;43;42;48;48;2;21;20;27m│[m[48;2;21;20;27m                                                           [m
[48;2;21;20;27m                                                            [m[38;2;43;42;48;48;2;21;20;27m│[m[48;2;21;20;27m                                                           [m
[48;2;21;20;27m                                                            [m[38;2;43;42;48;48;2;21;20;27m│[m[48;2;21;20;27m                                                           [m
[48;2;21;20;27m                                                            [m[38;2;43;42;48;48;2;21;20;27m│[m[48;2;21;20;27m                                                           [m
[48;2;21;20;27m                                                            [m[38;2;43;42;48;48;2;21;20;27m│[m[48;2;21;20;27m                                                           [m
[48;2;21;20;27m                                                            [m[38;2;43;42;48;48;2;21;20;27m│[m[48;2;21;20;27m                                                           [m
[48;2;21;20;27m                                                            [m[38;2;43;42;48;48;2;21;20;27m│[m[48;2;21;20;27m                                                           [m
[48;2;21;20;27m                                                            [m[38;2;43;42;48;48;2;21;20;27m│[m[48;2;21;20;27m                                                           [m
[48;2;21;20;27m                                                            [m[38;2;43;42;48;48;2;21;20;27m│[m[48;2;21;20;27m                                                           [m
[48;2;21;20;27m                                                            [m[38;2;43;42;48;48;2;21;20;27m│[m[48;2;21;20;27m                                                           [m
[48;2;21;20;27m                                                            [m[38;2;43;42;48;48;2;21;20;27m│[m[48;2;21;20;27m                                                           [m
[48;2;21;20;27m                                                            [m[38;2;43;42;48;48;2;21;20;27m│[m[48;2;21;20;27m                                                           [m
[48;2;21;20;27m                                                            [m[38;2;43;42;48;48;2;21;20;27m│[m[48;2;21;20;27m                                                           [m
[48;2;21;20;27m                                                            [m[38;2;43;42;48;48;2;21;20;27m│[m[48;2;21;20;27m                                                           [m
[48;2;21;20;27m                                                            [m[38;2;43;42;48;48;2;21;20;27m│[m[48;2;21;20;27m                                                           [m
[48;2;21;20;27m                                                            [m[38;2;43;42;48;48;2;21;20;27m│[m[48;2;21;20;27m                                                           [m
[48;2;21;20;27m                                                            [m[38;2;43;42;48;48;2;21;20;27m│[m[48;2;21;20;27m                                                           [m
[48;2;21;20;27m                                                            [m[38;2;43;42;48;48;2;21;20;27m│[m[48;2;21;20;27m                                                           [m
[48;2;21;20;27m                                                            [m[38;2;43;42;48;48;2;21;20;27m│[m[48;2;21;20;27m                                                           [m
[48;2;21;20;27m                                                            [m[38;2;43;42;48;48;2;21;20;27m│[m[48;2;21;20;27m                                                           [m
[48;2;21;20;27m                                                            [m[38;2;43;42;48;48;2;21;20;27m│[m[48;2;21;20;27m                                                           [m
[48;2;21;20;27m                                                            [m[38;2;43;42;48;48;2;21;20;27m│[m[48;2;21;20;27m                                                           [m
[48;2;21;20;27m                                                            [m[38;2;43;42;48;48;2;21;20;27m│[m[48;2;21;20;27m                                                           [m
[48;2;21;20;27m                                                            [m[38;2;43;42;48;48;2;21;20;27m│[m[48;2;21;20;27m                                                           [m
[48;2;21;20;27m                                                            [m[38;2;43;42;48;48;2;21;20;27m│[m[48;2;21;20;27m                                                           [m
[48;2;21;20;27m                                                            [m[38;2;43;42;48;48;2;21;20;27m│[m[48;2;21;20;27m                                                           [m
[48;2;21;20;27m                                                            [m[38;2;43;42;48;48;2;21;20;27m│[m[48;2;21;20;27m                                                           [m
[48;2;21;20;27m                                                            [m[38;2;43;42;48;48;2;21;20;27m│[m[48;2;21;20;27m                                                           [m
[48;2;21;20;27m                                                            [m[38;2;43;42;48;48;2;21;20;27m│[m[48;2;21;20;27m                                                           [m
[48;2;21;20;27m                                                            [m[38;2;43;42;48;48;2;21;20;27m│[m[48;2;21;20;27m                                                           [m
[48;2;21;20;27m                                                            [m[38;2;43;42;48;48;2;21;20;27m│[m[48;2;21;20;27m                                                           [m
[48;2;21;20;27m                                                            [m[38;2;43;42;48;48;2;21;20;27m│[m[48;2;21;20;27m                                                           [m
[48;2;21;20;27m                                                            [m[38;2;43;42;48;48;2;21;20;27m│[m[48;2;21;20;27m                                                           [m
[48;2;21;20;27m                                                            [m[38;2;43;42;48;48;2;21;20;27m│[m[48;2;21;20;27m                                                           [m
[48;2;21;20;27m                                                            [m[38;2;43;42;48;48;2;21;20;27m│[m[38;2;43;42;48;48;2;21;20;27m───────────────────────────────────────────────────────────[m
[48;2;21;20;27m                                                            [m[38;2;43;42;48;48;2;21;20;27m│[m[7;38;2;97;255;202mW[m[38;2;75;74;80;48;2;21;20;27mhat's our task?[m[48;2;21;20;27m                                         [m[48;2;21;20;27m  [m
[48;2;21;20;27m                                                            [m[38;2;43;42;48;48;2;21;20;27m│[m[48;2;21;20;27m                                                         [m[48;2;21;20;27m  [m
[48;2;21;20;27m                                                            [m[38;2;43;42;48;48;2;21;20;27m│[m[48;2;21;20;27m                                                         [m[48;2;21;20;27m  [m
[38;2;43;42;48;48;2;21;20;27m────────────────────────────────────────────────────────────[m[38;2;43;42;48;48;2;21;20;27m┴[m[38;2;43;42;48;48;2;21;20;27m───────────────────────────────────────────────────────────[m
[48;2;21;20;27m                                                                                                        [m[38;2;75;74;80;48;2;21;20;27mtest-provider[m[38;2;75;74;80;48;2;21;20;27m [m[38;2;97;255;202;48;2;21;20;27m⠋[m[48;2;21;20;27m [m