[38;2;43;42;48;48;2;21;20;27m 1 [m[38;2;43;42;48;48;2;21;20;27m [m[48;2;21;20;27m                                                        [m[38;2;43;42;48;48;2;21;20;27m│[m[48;2;21;20;27m                                                           [m
[48;2;21;20;27m                                                            [m[38;2;43;42;48;48;2;21;20;27m│[m[48;2;21;20;27m                                                           [m
[48;2;21;20;27m                                                            [m[38;2;43;42;48;48;2;21;20;27m│[m[48;2;21;20;27m                                                           [m
[48;2;21;20;27m                                                            [m[38;2;43;42;48;48;2;21;20;27m│[m[48;2;21;20;27m                                                           [m
[48;2;21;20;27m                                                            [m[38;2;43;42;48;48;2;21;20;27m│[m[48;2;21;20;27m                                                           [m
[48;2;21;20;27m                                                            [m[38;2;43;42;48;48;2;21;20;27m│[m[48;2;21;20;27m                                                           [m
[48;2;21;20;27m                                                            [m[38;2;43;42;48;48;2;21;20;27m│[m[48;2;21;20;27m                                                           [m
[48;2;21;20;27m                                                            [m[38;2;43;42;48;48;2;21;20;27m│[m[48;2;21;20;27m                                                           [m
[48;2;21;20;27m                                                            [m[38;2;43;42;48;48;2;21;20;27m│[m[48;2;21;20;27m                                                           [m
[48;2;21;20;27m                                                            [m[38;2;43;42;48;48;2;21;20;27m│[m[48;2;21;20;27m                                                           [m
[48;2;21;20;27m                                                            [m[38;2;43;42;48;48;2;21;20;27m│[m[48;2;21;20;27m                                                           [m
[48;2;21;20;27m                                                            [m[38;2;43;42;48;48;2;21;20;27m│[m[48;2;21;20;27m                                                           [m
[48;2;21;20;27m                                                            [m[38;2;43;42;48;48;2;21;20;27m│[m[48;2;21;20;27m                                                           [m
[48;2;21;20;27m                                                            [m[38;2;43;42;48;48;2;21;20;27m│[m[48;2;21;20;27m                                                           [m
[48;2;21;20;27m                                                            [m[38;2;43;42;48;48;2;21;20;27m│[m[48;2;21;20;27m                                                           [m
[48;2;21;20;27m                                                            [m[38;2;43;42;48;48;2;21;20;27m│[m[48;2;21;20;27m                                                           [m
[48;2;21;20;27m                                                            [m[38;2;43;42;48;48;2;21;20;27m│[m[48;2;21;20;27m                                                           [m
[48;2;21;20;27m                                                            [m[38;2;43;42;48;48;2;21;20;27m│[m[48;2;21;20;27m                                                           [m
[48;2;21;20;27m                                                            [m[38;2;43;42;48;48;2;21;20;27m│[m[48;2;21;20;27m                                                           [m
[48;2;21;20;27m                                                            [m[38;2;43;42;48;48;2;21;20;27m│[m[48;2;21;20;27m                                                           [m
[48;2;21;20;27m                                                            [m[38;2;43;42;48;48;2;21;20;27m│[m[48;2;21;20;27m                                                           [m
[48;2;21;20;27m                                                            [m[38;2;43;42;48;48;2;21;20;27m│[m[48;2;21;20;27m                                                           [m
[48;2;21;20;27m                                                            [m[38;2;43;42;48;48;2;21;20;27m│[m[48;2;21;20;27m                                                           [m
[48;2;21;20;27m                                                            [m[38;2;43;42;48;48;2;21;20;27m│[m[48;2;21;20;27m                                                           [m
[48;2;21;20;27m                                                            [m[38;2;43;42;48;48;2;21;20;27m│[m[48;2;21;20;27m                                                           [m
[48;2;21;20;27m                                                            [m[38;2;43;42;48;48;2;21;20;27m│[m[48;2;21;20;27m                                                           [m
[48;2;21;20;27m                                                            [m[38;2;43;42;48;48;2;21;20;27m│[m[48;2;21;20;27m                                                           [m
[48;2;21;20;27m                                                            [m[38;2;43;42;48;48;2;21;20;27m│[m[48;2;21;20;27m                                                           [m
[48;2;21;20;27m                                                            [m[38;2;43;42;48;48;2;21;20;27m│[m[48;2;21;20;27m                                                           [m
[48;2;21;20;27m                                                            [m[38;2;43;42;48;48;2;21;20;27m│[m[48;2;21;20;27m                                                           [m
[48;2;21;20;27m                                                            [m[38;2;43;42;48;48;2;21;20;27m│[m[48;2;21;20;27m                                                           [m
[48;2;21;20;27m                                                            [m[38;2;43;42;48;48;2;21;20;27m│[m[48;2;21;20;27m                                                           [m
[48;2;21;20;27m                                                            [m[38;2;43;42;48;48;2;21;20;27m│[m[48;2;21;20;27m                                                           [m
[48;2;21;20;27m                                                            [m[38;2;43;42;48;48;2;21;20;27m│[m[48;2;21;20;27m                                                           [m
[48;2;21;20;27m                                                            [m[38;2;43;42;48;48;2;21;20;27m│[m[38;2;43;42;48;48;2;21;20;27m───────────────────────────────────────────────────────────[m
[48;2;21;20;27m                                                            [m[38;2;43;42;48;48;2;21;20;27m│[m[7mT[m[38;2;75;74;80;48;2;21;20;27mype a message...[m[48;2;21;20;27m                                        [m[48;2;21;20;27m  [m
[48;2;21;20;27m                                                            [m[38;2;43;42;48;48;2;21;20;27m│[m[48;2;21;20;27m                                                         [m[48;2;21;20;27m  [m
[48;2;21;20;27m                                                            [m[38;2;43;42;48;48;2;21;20;27m│[m[48;2;21;20;27m                                                         [m[48;2;21;20;27m  [m
[38;2;43;42;48;48;2;21;20;27m────────────────────────────────────────────────────────────[m[38;2;43;42;48;48;2;21;20;27m┴[m[38;2;43;42;48;48;2;21;20;27m───────────────────────────────────────────────────────────[m
[38;2;75;74;80;48;2;21;20;27m symb[m[48;2;21;20;27m                                                                                                                [m[38;2;97;255;202;48;2;21;20;27m⣾ [m[48;2;21;20;27m [m