 1                                                          │                                                           
                                                            │                                                           
                                                            │                                                           
                                                            │                                                           
                                                            │                                                           
                                                            │                                                           
                                                            │                                                           
                                                            │                                                           
                                                            │                                                           
                                                            │                                                           
                                                            │                                                           
                                                            │                                                           
                                                            │                                                           
                                                            │                                                           
                                                            │                                                           
                                                            │                                                           
                                                            │                                                           
                                                            │                                                           
                                                            │                                                           
                                                            │                                                           
                                                            │                                                           
                                                            │                                                           
                                                            │                                                           
                                                            │                                                           
                                                            │                                                           
                                                            │                                                           
                                                            │                                                           
                                                            │                                                           
                                                            │                                                           
                                                            │                                                           
                                                            │                                                           
                                                            │                                                           
                                                            │                                                           
                                                            │                                                           
                                                            │───────────────────────────────────────────────────────────
                                                            │Type a message...                                          
                                                            │                                                           
                                                            │                                                           
────────────────────────────────────────────────────────────┴───────────────────────────────────────────────────────────
 symb                                                                                                                 ⣾ 