╭───────────────────────────────────────────────────────────┬──────────────────────────────────────────────────────────╮
│┃   1 Start editing...                                     │                                                          │
│┃                                                          │                                                          │
│┃                                                          │                                                          │
│┃                                                          │                                                          │
│┃                                                          │                                                          │
│┃                                                          │                                                          │
│┃                                                          │                                                          │
│┃                                                          │                                                          │
│┃                                                          │                                                          │
│┃                                                          │                                                          │
│┃                                                          │                                                          │
│┃                                                          │                                                          │
│┃                                                          │                                                          │
│┃                                                          │                                                          │
│┃                                                          │                                                          │
│┃                                                          │                                                          │
│┃                                                          │                                                          │
│┃                                                          │                                                          │
│┃                                                          │                                                          │
│┃                                                          │                                                          │
│┃                                                          │                                                          │
│┃                                                          │                                                          │
│┃                                                          │                                                          │
│┃                                                          │                                                          │
│┃                                                          │                                                          │
│┃                                                          │                                                          │
│┃                                                          │                                                          │
│┃                                                          │                                                          │
│┃                                                          │                                                          │
│┃                                                          │                                                          │
│┃                                                          │                                                          │
│┃                                                          │                                                          │
│┃                                                          │                                                          │
│┃                                                          │                                                          │
│┃                                                          │                                                          │
│┃                                                          │                                                          │
├───────────────────────────────────────────────────────────┴──────────────────────────────────────────────────────────┤
│ master* │                                                                                                          ⣾ │
╰──────────────────────────────────────────────────────────────────────────────────────────────────────────────────────╯