 1                                                          │                                                           
                                                            │                                                           
                                                            │                                                           
                                                            │                                                           
                                                            │                                                           
                                                            │                                                           
                                                            │                                                           
                                                            │                                                           
                                                            │                                                           
                                                            │                                                           
                                                            │                                                           
                                                            │                                                           
                                                            │                                                           
                                                            │                                                           
                                                            │                                                           
                                                            │                                                           
                                                            │                                                           
                                                            │                                                           
                                                            │                                                           
                                                            │                                                           
                                                            │                                                           
                                                            │                                                           
                                                            │                                                           
                                                            │                                                           
                                                            │                                                           
                                                            │                                                           
                                                            │                                                           
                                                            │                                                           
                                                            │                                                           
                                                            │                                                           
                                                            │                                                           
                                                            │                                                           
                                                            │                                                           
                                                            │                                                           
                                                            │───────────────────────────────────────────────────────────
                                                            │What's our task?                                           
                                                            │                                                           
                                                            │                                                           
────────────────────────────────────────────────────────────┴───────────────────────────────────────────────────────────
                                                                                                        test-provider ⠋ 