  1                                                         │                                                           
                                                            │                                                           
                                                            │                                                           
                                                            │                                                           
                                                            │                                                           
                                                            │                                                           
                                                            │                                                           
                                                            │                                                           
                                                            │                                                           
                                                            │                                                           
                                                            │                                                           
                                                            │                                                           
                                                            │                                                           
                                                            │                                                           
                                                            │                                                           
                                                            │                                                           
                                                            │                                                           
                                                            │                                                           
                                                            │                                                           
                                                            │                                                           
                                                            │                                                           
                                                            │                                                           
                                                            │                                                           
                                                            │                                                           
                                                            │                                                           
                                                            │                                                           
                                                            │                                                           
                                                            │                                                           
                                                            │                                                           
                                                            │                                                           
                                                            │                                                           
                                                            │                                                           
                                                            │                                                           
                                                            │                                                           
                                                            │                                                           
                                                            │                                                           
                                                            │                                                           
                                                            │                                                           
────────────────────────────────────────────────────────────┴───────────────────────────────────────────────────────────
 gitbranch/working dir                                                                                                ⣾ 