[48;2;40;44;52m                                                                                [m
[48;2;40;44;52m                                                                                [m
[48;2;40;44;52m                                                                                [m
[48;2;40;44;52m                                                                                [m
[48;2;40;44;52m                                                                                [m
[48;2;40;44;52m                                                                                [m
[48;2;40;44;52m                                                                                [m
[48;2;40;44;52m                                                                                [m
[48;2;40;44;52m                                                                                [m
[48;2;40;44;52m                                                                                [m
[48;2;40;44;52m                                                                                [m
[48;2;40;44;52m                                                                                [m
[48;2;40;44;52m                                                                                [m
[48;2;40;44;52m                                                                                [m
[48;2;40;44;52m                                                                                [m
[48;2;40;44;52m                                                                                [m
[48;2;40;44;52m                                                                                [m
[48;2;40;44;52m                                                                                [m
[38;2;56;60;67;48;2;40;44;52m────────────────────────────────────────────────────────────────────────────────[m
[7;38;2;87;199;255mA[m[38;2;80;83;89;48;2;40;44;52msk anything... (CTRL+h for keybinds)[m[48;2;40;44;52m                                         [m[48;2;40;44;52m  [m
[48;2;40;44;52m                                                                              [m[48;2;40;44;52m  [m
[48;2;40;44;52m                                                                              [m[48;2;40;44;52m  [m
[38;2;56;60;67;48;2;40;44;52m────────────────────────────────────────────────────────────────────────────────[m
[48;2;40;44;52m                                                     [m[38;2;80;83;89;48;2;40;44;52mtest-provider/test-model[m[38;2;80;83;89;48;2;40;44;52m [m[38;2;87;199;255;48;2;40;44;52m⠋[m[48;2;40;44;52m [m