[38;2;28;28;28;48;2;0;0;0m 1 [m[38;2;28;28;28;48;2;0;0;0m [m[48;2;0;0;0m                                    [m[38;2;28;28;28;48;2;0;0;0m│[m[48;2;0;0;0m                                       [m
[48;2;0;0;0m                                        [m[38;2;28;28;28;48;2;0;0;0m│[m[48;2;0;0;0m                                       [m
[48;2;0;0;0m                                        [m[38;2;28;28;28;48;2;0;0;0m│[m[48;2;0;0;0m                                       [m
[48;2;0;0;0m                                        [m[38;2;28;28;28;48;2;0;0;0m│[m[48;2;0;0;0m                                       [m
[48;2;0;0;0m                                        [m[38;2;28;28;28;48;2;0;0;0m│[m[48;2;0;0;0m                                       [m
[48;2;0;0;0m                                        [m[38;2;28;28;28;48;2;0;0;0m│[m[48;2;0;0;0m                                       [m
[48;2;0;0;0m                                        [m[38;2;28;28;28;48;2;0;0;0m│[m[48;2;0;0;0m                                       [m
[48;2;0;0;0m                                        [m[38;2;28;28;28;48;2;0;0;0m│[m[48;2;0;0;0m                                       [m
[48;2;0;0;0m                                        [m[38;2;28;28;28;48;2;0;0;0m│[m[48;2;0;0;0m                                       [m
[48;2;0;0;0m                                        [m[38;2;28;28;28;48;2;0;0;0m│[m[48;2;0;0;0m                                       [m
[48;2;0;0;0m                                        [m[38;2;28;28;28;48;2;0;0;0m│[m[48;2;0;0;0m                                       [m
[48;2;0;0;0m                                        [m[38;2;28;28;28;48;2;0;0;0m│[m[48;2;0;0;0m                                       [m
[48;2;0;0;0m                                        [m[38;2;28;28;28;48;2;0;0;0m│[m[48;2;0;0;0m                                       [m
[48;2;0;0;0m                                        [m[38;2;28;28;28;48;2;0;0;0m│[m[48;2;0;0;0m                                       [m
[48;2;0;0;0m                                        [m[38;2;28;28;28;48;2;0;0;0m│[m[48;2;0;0;0m                                       [m
[48;2;0;0;0m                                        [m[38;2;28;28;28;48;2;0;0;0m│[m[48;2;0;0;0m                                       [m
[48;2;0;0;0m                                        [m[38;2;28;28;28;48;2;0;0;0m│[m[48;2;0;0;0m                                       [m
[48;2;0;0;0m                                        [m[38;2;28;28;28;48;2;0;0;0m│[m[48;2;0;0;0m                                       [m
[48;2;0;0;0m                                        [m[38;2;28;28;28;48;2;0;0;0m│[m[38;2;28;28;28;48;2;0;0;0m───────────────────────────────────────[m
[48;2;0;0;0m                                        [m[38;2;28;28;28;48;2;0;0;0m│[m[7mT[m[38;2;63;63;63;48;2;0;0;0mype a message...[m[48;2;0;0;0m                    [m[48;2;0;0;0m  [m
[48;2;0;0;0m                                        [m[38;2;28;28;28;48;2;0;0;0m│[m[48;2;0;0;0m                                     [m[48;2;0;0;0m  [m
[48;2;0;0;0m                                        [m[38;2;28;28;28;48;2;0;0;0m│[m[48;2;0;0;0m                                     [m[48;2;0;0;0m  [m
[38;2;28;28;28;48;2;0;0;0m────────────────────────────────────────[m[38;2;28;28;28;48;2;0;0;0m┴[m[38;2;28;28;28;48;2;0;0;0m───────────────────────────────────────[m
[38;2;63;63;63;48;2;0;0;0m symb[m[48;2;0;0;0m                                                                        [m[38;2;0;223;255;48;2;0;0;0m⣾ [m[48;2;0;0;0m [m