                                                                                
                                                                                
                                                                                
                                                                                
                                                                                
                                                                                
                                                                                
                                                                                
                                                                                
                                                                                
                                                                                
                                                                                
                                                                                
                                                                                
                                                                                
                                                                                
                                                                                
                                                                                
────────────────────────────────────────────────────────────────────────────────
Ask anything... (CTRL+h for keybinds)                                           
                                                                                
                                                                                
────────────────────────────────────────────────────────────────────────────────
                                                     test-provider/test-model ⠋ 