  1                                     │                                       
                                        │                                       
                                        │                                       
                                        │                                       
                                        │                                       
                                        │                                       
                                        │                                       
                                        │                                       
                                        │                                       
                                        │                                       
                                        │                                       
                                        │                                       
                                        │                                       
                                        │                                       
                                        │                                       
                                        │                                       
                                        │                                       
                                        │                                       
                                        ├───────────────────────────────────────
                                        │Type a message...                      
                                        │                                       
                                        │                                       
────────────────────────────────────────┴───────────────────────────────────────
 gitbranch/working dir                                                        ⣾ 