 1                                      │                                       
                                        │                                       
                                        │                                       
                                        │                                       
                                        │                                       
                                        │                                       
                                        │                                       
                                        │                                       
                                        │                                       
                                        │                                       
                                        │                                       
                                        │                                       
                                        │                                       
                                        │                                       
                                        │                                       
                                        │                                       
                                        │                                       
                                        │                                       
                                        │───────────────────────────────────────
                                        │Ask anything... (CTRL+h for keybinds)  
                                        │                                       
                                        │                                       
────────────────────────────────────────┴───────────────────────────────────────
                                                                test-provider ⠋ 